// Vitest Snapshot v1, https://vitest.dev/guide/snapshot.html

exports[`feature: collateralsUpdates > should return reasonable code 1`] = `
{
  "code": {
    "fn": [
      "function collateralsUpdates() public pure override returns (IAaveV3ConfigEngine.CollateralUpdate[] memory) {
          IAaveV3ConfigEngine.CollateralUpdate[] memory collateralUpdate = new IAaveV3ConfigEngine.CollateralUpdate[](2);

          collateralUpdate[0] = IAaveV3ConfigEngine.CollateralUpdate({
               asset: AaveV3EthereumAssets.DAI_UNDERLYING,
               ltv: 0,
               liqThreshold: EngineFlags.KEEP_CURRENT,
               liqBonus: EngineFlags.KEEP_CURRENT,
               liqProtocolFee: EngineFlags.KEEP_CURRENT
             });
collateralUpdate[1] = IAaveV3ConfigEngine.CollateralUpdate({
               asset: AaveV3EthereumAssets.USDC_UNDERLYING,
               ltv: 77_00,
               liqThreshold: 80_00,
               liqBonus: 5_00,
               liqProtocolFee: 10_00
             });

          return collateralUpdate;
        }",
    ],
  },
  "test": {
    "fn": [
      "function _expectedCollateralChanges() internal pure override returns (IAaveV3ConfigEngine.CollateralUpdate[] memory) {
      IAaveV3ConfigEngine.CollateralUpdate[] memory collateralUpdate;
      collateralUpdate = new IAaveV3ConfigEngine.CollateralUpdate[](2);

      collateralUpdate[0] = IAaveV3ConfigEngine.CollateralUpdate({
               asset: AaveV3EthereumAssets.DAI_UNDERLYING,
               ltv: 0,
               liqThreshold: EngineFlags.KEEP_CURRENT,
               liqBonus: EngineFlags.KEEP_CURRENT,
               liqProtocolFee: EngineFlags.KEEP_CURRENT
             });
collateralUpdate[1] = IAaveV3ConfigEngine.CollateralUpdate({
               asset: AaveV3EthereumAssets.USDC_UNDERLYING,
               ltv: 77_00,
               liqThreshold: 80_00,
               liqBonus: 5_00,
               liqProtocolFee: 10_00
             });
      return collateralUpdate;
    }",
    ],
    "updatedAssets": [
      "AaveV3EthereumAssets.DAI_UNDERLYING",
      "AaveV3EthereumAssets.USDC_UNDERLYING",
    ],
  },
}
`;
